
==============================================================================
  ORACLE FUSION AI AGENT - COMPREHENSIVE TEST SUITE
  2026-03-06 11:32:23
==============================================================================

[OK] Backend healthy: {'status': 'healthy', 'service': 'Oracle Fusion AI Agent POC'}


------------------------------------------------------------------------------
  ALL THREE DOMAINS  (8 queries)
------------------------------------------------------------------------------

  [1/38] For each cost centre, show total budget, total GL actual spend, total PO spend, and headcount of active employees
    [FAIL] ?  0 rows  92.1s
    SQL: 

  [2/38] Show department salary totals vs PO spend vs budget allocation side by side
    [FAIL] CROSS_DOMAIN  0 rows  4.2s
    SQL: 

  [3/38] Which departments are over budget and also have the highest attrition rate?
    [FAIL] CROSS_DOMAIN  0 rows  2.4s
    SQL: 

  [4/38] Show supplier invoice totals, PO count, and employee headcount for departments that raised those POs
    [FAIL] CROSS_DOMAIN  0 rows  2.4s
    SQL: 

  [5/38] List cost centres with budget utilization above 80% alongside active headcount and total requisition value
    [FAIL] CROSS_DOMAIN  0 rows  2.5s
    SQL: 

  [6/38] Show total payroll cost vs total PO spend vs total GL actual by department
    [FAIL] CROSS_DOMAIN  0 rows  2.5s
    SQL: 

  [7/38] Which suppliers have the highest invoice amounts from departments with more than 50 employees?
    [FAIL] CROSS_DOMAIN  0 rows  2.5s
    SQL: 

  [8/38] Show a breakdown of finance spend, HR costs, and procurement spend by cost centre
    [FAIL] CROSS_DOMAIN  0 rows  2.5s
    SQL: 

  Result: 0/8 passed | 0 zero-row | 8 errors

------------------------------------------------------------------------------
  HCM + FINANCE  (5 queries)
------------------------------------------------------------------------------

  [9/38] Show department headcount alongside average salary and budget variance
    [FAIL] CROSS_DOMAIN  0 rows  2.6s
    SQL: 

  [10/38] Which departments have the highest salary cost and are also over budget?
    [FAIL] CROSS_DOMAIN  0 rows  2.4s
    SQL: 

  [11/38] Show payroll expense by cost centre compared to GL actual amount
    [FAIL] CROSS_DOMAIN  0 rows  2.4s
    SQL: 

  [12/38] What is the average salary for employees in departments with budget above 500000?
    [FAIL] CROSS_DOMAIN  0 rows  2.5s
    SQL: 

  [13/38] Show employee count and total salary vs budget amount for each department
    [FAIL] CROSS_DOMAIN  0 rows  2.4s
    SQL: 

  Result: 0/5 passed | 0 zero-row | 5 errors

------------------------------------------------------------------------------
  HCM + PROCUREMENT  (5 queries)
------------------------------------------------------------------------------

  [14/38] Which employees raised the most requisitions this year?
    [FAIL] CROSS_DOMAIN  0 rows  2.5s
    SQL: 

  [15/38] Show headcount per department alongside total PO spend raised by that department
    [FAIL] CROSS_DOMAIN  0 rows  2.5s
    SQL: 

  [16/38] List departments where employees have raised approved POs with total value above 100000
    [FAIL] CROSS_DOMAIN  0 rows  2.4s
    SQL: 

  [17/38] Which departments have active employees who submitted requisitions that became approved POs?
    [FAIL] CROSS_DOMAIN  0 rows  2.4s
    SQL: 

  [18/38] Show average salary vs total requisition value raised by each department
    [FAIL] CROSS_DOMAIN  0 rows  2.4s
    SQL: 

  Result: 0/5 passed | 0 zero-row | 5 errors

------------------------------------------------------------------------------
  FINANCE + PROCUREMENT  (5 queries)
------------------------------------------------------------------------------

  [19/38] Show total invoice amount and total PO value per supplier
    [FAIL] CROSS_DOMAIN  0 rows  2.4s
    SQL: 

  [20/38] Which cost centres have the highest AP invoice spend and PO commitments?
    [FAIL] CROSS_DOMAIN  0 rows  2.4s
    SQL: 

  [21/38] Show budget vs actual vs PO spend commitment for each cost centre
    [FAIL] CROSS_DOMAIN  0 rows  2.4s
    SQL: 

  [22/38] List suppliers with invoices over 50000 and their corresponding approved PO count
    [FAIL] CROSS_DOMAIN  0 rows  2.4s
    SQL: 

  [23/38] Show AP payment totals alongside open PO commitments by cost centre
    [FAIL] CROSS_DOMAIN  0 rows  2.3s
    SQL: 

  Result: 0/5 passed | 0 zero-row | 5 errors

------------------------------------------------------------------------------
  PROCUREMENT DOMAIN  (5 queries)
------------------------------------------------------------------------------

  [24/38] Show top 10 suppliers by total PO amount
    [PASS] PROCUREMENT  10 rows  24.6s
    SQL: SELECT s.supplier_name, SUM(ph.total_amount) AS total_po_amount FROM sup_suppliers s JOIN proc_po_headers ph ON ph.supplier_id = s.supplier_id GROUP BY s.supplier_name ORDER BY tot...
    Sample cols: ['supplier_name', 'total_po_amount']

  [25/38] List all purchase orders with status APPROVED grouped by cost centre
    [FAIL] ?  0 rows  3.6s
    SQL: 

  [26/38] What is the total value of pending requisitions by department?
    [FAIL] ?  0 rows  4.1s
    SQL: 

  [27/38] Show PO spend by category
    [FAIL] ?  0 rows  4.1s
    SQL: 

  [28/38] Which suppliers have contracts expiring this year?
    [FAIL] ?  0 rows  4.1s
    SQL: 

  Result: 1/5 passed | 0 zero-row | 4 errors

------------------------------------------------------------------------------
  FINANCE DOMAIN  (5 queries)
------------------------------------------------------------------------------

  [29/38] What was the last year budget amount?
    [PASS] FINANCE  1 rows  16.8s
    SQL: SELECT SUM(bl.amount) AS last_year_budget FROM fin_budget_lines bl JOIN fin_budget_headers bh ON bh.budget_header_id = bl.budget_header_id WHERE bh.fiscal_year = EXTRACT(YEAR FROM ...
    Sample cols: ['last_year_budget']

  [30/38] Show budget vs actual variance for each cost centre
    [PASS] FINANCE  2488 rows  35.4s
    SQL: SELECT cc.cost_centre_name, SUM(gb.actual_amount - gb.budget_amount) as variance FROM fin_gl_balances gb JOIN finance_gl_balances cc ON cc.balance_id = gb.balance_id GROUP BY cc.co...
    Sample cols: ['cost_centre_name', 'variance']

  [31/38] What is the total outstanding AP invoice amount?
    [PASS] FINANCE  1 rows  48.0s
    SQL: SELECT SUM(i.invoice_amount) AS total_outstanding FROM fin_ap_invoices i WHERE i.status='OPEN'
    Sample cols: ['total_outstanding']

  [32/38] Show AP invoice amounts by month for the current year
    [ZERO-ROW] FINANCE  0 rows  51.1s
    SQL: SELECT EXTRACT(YEAR FROM i.invoice_date) AS invoice_year,     EXTRACT(MONTH FROM i.invoice_date) AS invoice_month,     SUM(i.invoice_amount) AS total_invoice_amount FROM fin_ap_inv...

  [33/38] Show GL actual amounts vs budget by cost centre for fiscal year 2024
    [PASS] FINANCE  880 rows  41.5s
    SQL: SELECT  cc.cost_centre_name,  SUM(fb.actual_amount) AS actual_amount,  SUM(fb.budget_amount) AS budget_amount,  ROUND(((SUM(fb.actual_amount) - SUM(fb.budget_amount)) / NULLIF(SUM(...
    Sample cols: ['cost_centre_name', 'actual_amount', 'budget_amount', 'pct_variance', 'variance_amount']

  Result: 4/5 passed | 1 zero-row | 0 errors

------------------------------------------------------------------------------
  HCM DOMAIN  (5 queries)
------------------------------------------------------------------------------

  [34/38] How many active employees are there by department?
    [PASS] HCM  2413 rows  30.3s
    SQL: SELECT d.dept_name, COUNT(DISTINCT a.person_id) AS headcount FROM hcm_departments d JOIN hcm_assignments a ON a.dept_id = d.dept_id AND a.assignment_status = 'ACTIVE' GROUP BY d.de...
    Sample cols: ['dept_name', 'headcount']

  [35/38] Show average salary by department
    [FAIL] ?  0 rows  4.1s
    SQL: 

  [36/38] What is the attrition rate by department?
    [FAIL] ?  0 rows  4.1s
    SQL: 

  [37/38] List the top 10 highest paid employees with their grade and department
    [FAIL] ?  0 rows  7.6s
    SQL: 

  [38/38] Show headcount breakdown by grade code
    [FAIL] ?  0 rows  4.1s
    SQL: 

  Result: 1/5 passed | 0 zero-row | 4 errors


==============================================================================
  FINAL SUMMARY
==============================================================================

  Category                             Pass  0-Row  Fail  Total
  ----------------------------------- ----- ------ ----- ------
  ALL THREE DOMAINS                       0      0     8      8
  HCM + FINANCE                           0      0     5      5
  HCM + PROCUREMENT                       0      0     5      5
  FINANCE + PROCUREMENT                   0      0     5      5
  PROCUREMENT DOMAIN                      1      0     4      5
  FINANCE DOMAIN                          4      1     0      5
  HCM DOMAIN                              1      0     4      5
  ----------------------------------------------------------
  TOTAL                                   6      1    31     38

  SCORE: 15%  (6/38 passed)

  FAILURES:
    [FAIL] [ALL THREE DOMAINS]
      Q: For each cost centre, show total budget, total GL actual spend, total 
      E: TIMEOUT after 90s
    [FAIL] [ALL THREE DOMAINS]
      Q: Show department salary totals vs PO spend vs budget allocation side by
      E: Error code: 429 - {'error': {'message': 'Rate limit reached for model `llama-3.3-70b-versatile` in organization `org_01j
    [FAIL] [ALL THREE DOMAINS]
      Q: Which departments are over budget and also have the highest attrition 
      E: Error code: 429 - {'error': {'message': 'Rate limit reached for model `llama-3.3-70b-versatile` in organization `org_01j
    [FAIL] [ALL THREE DOMAINS]
      Q: Show supplier invoice totals, PO count, and employee headcount for dep
      E: Error code: 429 - {'error': {'message': 'Rate limit reached for model `llama-3.3-70b-versatile` in organization `org_01j
    [FAIL] [ALL THREE DOMAINS]
      Q: List cost centres with budget utilization above 80% alongside active h
      E: Error code: 429 - {'error': {'message': 'Rate limit reached for model `llama-3.3-70b-versatile` in organization `org_01j
    [FAIL] [ALL THREE DOMAINS]
      Q: Show total payroll cost vs total PO spend vs total GL actual by depart
      E: Error code: 429 - {'error': {'message': 'Rate limit reached for model `llama-3.3-70b-versatile` in organization `org_01j
    [FAIL] [ALL THREE DOMAINS]
      Q: Which suppliers have the highest invoice amounts from departments with
      E: Error code: 429 - {'error': {'message': 'Rate limit reached for model `llama-3.3-70b-versatile` in organization `org_01j
    [FAIL] [ALL THREE DOMAINS]
      Q: Show a breakdown of finance spend, HR costs, and procurement spend by 
      E: Error code: 429 - {'error': {'message': 'Rate limit reached for model `llama-3.3-70b-versatile` in organization `org_01j
    [FAIL] [HCM + FINANCE]
      Q: Show department headcount alongside average salary and budget variance
      E: Error code: 429 - {'error': {'message': 'Rate limit reached for model `llama-3.3-70b-versatile` in organization `org_01j
    [FAIL] [HCM + FINANCE]
      Q: Which departments have the highest salary cost and are also over budge
      E: Error code: 429 - {'error': {'message': 'Rate limit reached for model `llama-3.3-70b-versatile` in organization `org_01j
    [FAIL] [HCM + FINANCE]
      Q: Show payroll expense by cost centre compared to GL actual amount
      E: Error code: 429 - {'error': {'message': 'Rate limit reached for model `llama-3.3-70b-versatile` in organization `org_01j
    [FAIL] [HCM + FINANCE]
      Q: What is the average salary for employees in departments with budget ab
      E: Error code: 429 - {'error': {'message': 'Rate limit reached for model `llama-3.3-70b-versatile` in organization `org_01j
    [FAIL] [HCM + FINANCE]
      Q: Show employee count and total salary vs budget amount for each departm
      E: Error code: 429 - {'error': {'message': 'Rate limit reached for model `llama-3.3-70b-versatile` in organization `org_01j
    [FAIL] [HCM + PROCUREMENT]
      Q: Which employees raised the most requisitions this year?
      E: Error code: 429 - {'error': {'message': 'Rate limit reached for model `llama-3.3-70b-versatile` in organization `org_01j
    [FAIL] [HCM + PROCUREMENT]
      Q: Show headcount per department alongside total PO spend raised by that 
      E: Error code: 429 - {'error': {'message': 'Rate limit reached for model `llama-3.3-70b-versatile` in organization `org_01j
    [FAIL] [HCM + PROCUREMENT]
      Q: List departments where employees have raised approved POs with total v
      E: Error code: 429 - {'error': {'message': 'Rate limit reached for model `llama-3.3-70b-versatile` in organization `org_01j
    [FAIL] [HCM + PROCUREMENT]
      Q: Which departments have active employees who submitted requisitions tha
      E: Error code: 429 - {'error': {'message': 'Rate limit reached for model `llama-3.3-70b-versatile` in organization `org_01j
    [FAIL] [HCM + PROCUREMENT]
      Q: Show average salary vs total requisition value raised by each departme
      E: Error code: 429 - {'error': {'message': 'Rate limit reached for model `llama-3.3-70b-versatile` in organization `org_01j
    [FAIL] [FINANCE + PROCUREMENT]
      Q: Show total invoice amount and total PO value per supplier
      E: Error code: 429 - {'error': {'message': 'Rate limit reached for model `llama-3.3-70b-versatile` in organization `org_01j
    [FAIL] [FINANCE + PROCUREMENT]
      Q: Which cost centres have the highest AP invoice spend and PO commitment
      E: Error code: 429 - {'error': {'message': 'Rate limit reached for model `llama-3.3-70b-versatile` in organization `org_01j
    [FAIL] [FINANCE + PROCUREMENT]
      Q: Show budget vs actual vs PO spend commitment for each cost centre
      E: Error code: 429 - {'error': {'message': 'Rate limit reached for model `llama-3.3-70b-versatile` in organization `org_01j
    [FAIL] [FINANCE + PROCUREMENT]
      Q: List suppliers with invoices over 50000 and their corresponding approv
      E: Error code: 429 - {'error': {'message': 'Rate limit reached for model `llama-3.3-70b-versatile` in organization `org_01j
    [FAIL] [FINANCE + PROCUREMENT]
      Q: Show AP payment totals alongside open PO commitments by cost centre
      E: Error code: 429 - {'error': {'message': 'Rate limit reached for model `llama-3.3-70b-versatile` in organization `org_01j
    [FAIL] [PROCUREMENT DOMAIN]
      Q: List all purchase orders with status APPROVED grouped by cost centre
      E: ('Connection aborted.', ConnectionResetError(10054, 'An existing connection was forcibly closed by the remote host', Non
    [FAIL] [PROCUREMENT DOMAIN]
      Q: What is the total value of pending requisitions by department?
      E: HTTPConnectionPool(host='localhost', port=8000): Max retries exceeded with url: /chat (Caused by NewConnectionError("HTT
    [FAIL] [PROCUREMENT DOMAIN]
      Q: Show PO spend by category
      E: HTTPConnectionPool(host='localhost', port=8000): Max retries exceeded with url: /chat (Caused by NewConnectionError("HTT
    [FAIL] [PROCUREMENT DOMAIN]
      Q: Which suppliers have contracts expiring this year?
      E: HTTPConnectionPool(host='localhost', port=8000): Max retries exceeded with url: /chat (Caused by NewConnectionError("HTT
    [FAIL] [HCM DOMAIN]
      Q: Show average salary by department
      E: HTTPConnectionPool(host='localhost', port=8000): Max retries exceeded with url: /chat (Caused by NewConnectionError("HTT
    [FAIL] [HCM DOMAIN]
      Q: What is the attrition rate by department?
      E: HTTPConnectionPool(host='localhost', port=8000): Max retries exceeded with url: /chat (Caused by NewConnectionError("HTT
    [FAIL] [HCM DOMAIN]
      Q: List the top 10 highest paid employees with their grade and department
      E: ('Connection aborted.', ConnectionResetError(10054, 'An existing connection was forcibly closed by the remote host', Non
    [FAIL] [HCM DOMAIN]
      Q: Show headcount breakdown by grade code
      E: HTTPConnectionPool(host='localhost', port=8000): Max retries exceeded with url: /chat (Caused by NewConnectionError("HTT

  ZERO-ROW QUERIES:
    [0-ROW] [FINANCE DOMAIN]
      Q: Show AP invoice amounts by month for the current year
      SQL: SELECT EXTRACT(YEAR FROM i.invoice_date) AS invoice_year,     EXTRACT(MONTH FROM i.invoice_date) AS invoice_month,     S...

==============================================================================

  Results saved to: test_results.json
